// Jest Snapshot v1, https://goo.gl/fbAQLP

exports[`JobHeader renders correctly 1`] = `
Array [
  <style
    dangerouslySetInnerHTML={
      Object {
        "__html": ".css-aew58a{display:-webkit-box;display:-webkit-flex;display:-ms-flexbox;display:flex;width:100%;height:8rem;padding:0;margin-top:-2.5rem;margin-bottom:2.5rem;}.css-aew58a .company-name{background-color:#ffffff;color:white;-webkit-flex-shrink:0;-ms-flex-negative:0;flex-shrink:0;width:8rem;display:-webkit-box;display:-webkit-flex;display:-ms-flexbox;display:flex;-webkit-box-pack:center;-ms-flex-pack:center;-webkit-justify-content:center;justify-content:center;-webkit-align-items:center;-webkit-box-align:center;-ms-flex-align:center;align-items:center;border-radius:10px 0 0 10px;font-size:1.5rem;text-transform:lowercase;}.css-aew58a .company-detail{display:-webkit-box;display:-webkit-flex;display:-ms-flexbox;display:flex;-webkit-box-flex:1;-webkit-flex-grow:1;-ms-flex-positive:1;flex-grow:1;padding:2rem;-webkit-box-pack:justify;-webkit-justify-content:space-between;justify-content:space-between;}@media (max-width: 425px){.css-aew58a{height:10rem;-webkit-flex-direction:column;-ms-flex-direction:column;flex-direction:column;margin-top:-0.5rem;position:relative;margin-bottom:1rem;}.css-aew58a .company-name{position:absolute;top:-2.5rem;width:4rem;left:42%;height:4rem;border-radius:10px;font-size:1rem;font-weight:400;}.css-aew58a .company-detail{padding:2rem;-webkit-flex-direction:column;-ms-flex-direction:column;flex-direction:column;text-align:center;}}",
      }
    }
    data-emotion="css aew58a"
  />,
  <div
    className="card css-aew58a"
  >
    <div
      className="company-name boldest"
    >
      <span>
        Big Blue
      </span>
    </div>
    <div
      className="company-detail"
    >
      <style
        dangerouslySetInnerHTML={
          Object {
            "__html": ".css-1rny88i{height:5rem;}.css-1rny88i h3{margin:0;}.css-1rny88i p{margin:0;margin-top:5px;}@media (max-width: 425px){.css-1rny88i{height:auto;}}",
          }
        }
        data-emotion="css 1rny88i"
      />
      <div
        className="css-1rny88i"
      >
        <h3>
          Big Blue
        </h3>
        <p
          className="card-text-muted"
        >
          https://somesite.somewhere
        </p>
      </div>
      <div
        className="company-detail-buttons flex-center-items"
      >
        <button
          className="button light"
        >
          Company Site
        </button>
      </div>
    </div>
  </div>,
]
`;
